// Jest Snapshot v1, https://goo.gl/fbAQLP

exports[`ImagePicker component tests ImagePicker component renders correctly 1`] = `
<View
  style={
    Object {
      "alignItems": "center",
      "marginBottom": 15,
    }
  }
>
  <View
    style={
      Object {
        "alignItems": "center",
        "borderColor": "#ccc",
        "borderWidth": 1,
        "height": 200,
        "justifyContent": "center",
        "marginBottom": 10,
        "width": "100%",
      }
    }
  >
    <Text>
      No image picked yet.
    </Text>
  </View>
  <View
    accessibilityRole="button"
    accessibilityState={Object {}}
    accessible={true}
    focusable={true}
    onClick={[Function]}
    onResponderGrant={[Function]}
    onResponderMove={[Function]}
    onResponderRelease={[Function]}
    onResponderTerminate={[Function]}
    onResponderTerminationRequest={[Function]}
    onStartShouldSetResponder={[Function]}
    style={
      Object {
        "opacity": 1,
      }
    }
  >
    <View
      style={
        Array [
          Object {},
        ]
      }
    >
      <Text
        style={
          Array [
            Object {
              "color": "#007AFF",
              "fontSize": 18,
              "margin": 8,
              "textAlign": "center",
            },
            Object {
              "color": "#fc9208",
            },
          ]
        }
      >
        Take image
      </Text>
    </View>
  </View>
</View>
`;
